// Jest Snapshot v1, https://goo.gl/fbAQLP

exports[`jdl - JDLImporter import when importing a JDL application with blueprints should return the blueprints attributes in the application 1`] = `
[
  {
    "entities": [],
    "generator-jhipster": {
      "baseName": "appWithBlueprints",
      "blueprints": [
        {
          "name": "generator-jhipster-vuejs",
        },
        {
          "name": "generator-jhipster-dotnetcore",
        },
      ],
    },
  },
]
`;

exports[`jdl - JDLImporter import when not parsing applications should export entity Country 1`] = `
{
  "applications": "*",
  "entityTableName": "country",
  "fields": [
    {
      "fieldName": "name",
      "fieldType": "String",
    },
  ],
  "microserviceName": "mymicroservice",
  "name": "Country",
  "relationships": [
    {
      "otherEntityField": "region",
      "otherEntityName": "region",
      "relationshipName": "area",
      "relationshipType": "one-to-many",
    },
  ],
  "skipServer": true,
}
`;

exports[`jdl - JDLImporter import when not parsing applications should export entity Department 1`] = `
{
  "applications": "*",
  "embedded": true,
  "entityTableName": "department",
  "fields": [
    {
      "fieldName": "name",
      "fieldType": "String",
      "fieldValidateRules": [
        "required",
      ],
    },
    {
      "fieldName": "description",
      "fieldType": "byte[]",
      "fieldTypeBlobContent": "text",
    },
    {
      "fieldName": "advertisement",
      "fieldType": "byte[]",
      "fieldTypeBlobContent": "any",
    },
    {
      "fieldName": "logo",
      "fieldType": "byte[]",
      "fieldTypeBlobContent": "image",
    },
  ],
  "microserviceName": "mymicroservice",
  "name": "Department",
  "relationships": [
    {
      "options": {
        "id": "42",
      },
      "otherEntityName": "location",
      "ownerSide": true,
      "relationshipName": "location",
      "relationshipType": "one-to-one",
    },
    {
      "javadoc": "A relationship",
      "otherEntityName": "employee",
      "otherEntityRelationshipName": "department",
      "relationshipName": "employee",
      "relationshipType": "one-to-many",
    },
    {
      "otherEntityName": "jobHistory",
      "otherEntityRelationshipName": "department",
      "ownerSide": false,
      "relationshipName": "jobHistory",
      "relationshipType": "many-to-many",
    },
  ],
}
`;

exports[`jdl - JDLImporter import when not parsing applications should export entity Employee 1`] = `
{
  "applications": "*",
  "dto": "mapstruct",
  "entityTableName": "employee",
  "fields": [
    {
      "fieldName": "firstName",
      "fieldType": "String",
      "javadoc": "The firstname attribute.",
    },
    {
      "fieldName": "lastName",
      "fieldType": "String",
    },
    {
      "fieldName": "email",
      "fieldType": "String",
    },
    {
      "fieldName": "phoneNumber",
      "fieldType": "String",
    },
    {
      "fieldName": "hireDate",
      "fieldType": "ZonedDateTime",
    },
    {
      "fieldName": "salary",
      "fieldType": "Long",
    },
    {
      "fieldName": "commissionPct",
      "fieldType": "Long",
    },
  ],
  "javadoc": "The Employee entity.\\nSecond line in javadoc.",
  "microserviceName": "mymicroservice",
  "name": "Employee",
  "pagination": "infinite-scroll",
  "relationships": [
    {
      "otherEntityName": "job",
      "otherEntityRelationshipName": "emp",
      "relationshipName": "job",
      "relationshipType": "one-to-many",
    },
    {
      "otherEntityField": "login",
      "otherEntityName": "user",
      "relationshipName": "user",
      "relationshipType": "many-to-one",
      "relationshipWithBuiltInEntity": true,
    },
    {
      "otherEntityField": "lastName",
      "otherEntityName": "employee",
      "relationshipName": "manager",
      "relationshipType": "many-to-one",
    },
    {
      "javadoc": "Another side of the same relationship,",
      "otherEntityName": "department",
      "otherEntityRelationshipName": "employee",
      "relationshipName": "department",
      "relationshipType": "many-to-one",
    },
    {
      "otherEntityName": "jobHistory",
      "otherEntityRelationshipName": "emp",
      "ownerSide": false,
      "relationshipName": "jobHistory",
      "relationshipType": "many-to-many",
    },
  ],
  "searchEngine": "elasticsearch",
  "service": "serviceClass",
}
`;

exports[`jdl - JDLImporter import when not parsing applications should export entity Job 1`] = `
{
  "applications": "*",
  "entityTableName": "job",
  "fields": [
    {
      "fieldName": "title",
      "fieldType": "String",
      "fieldValidateRules": [
        "minlength",
        "maxlength",
      ],
      "fieldValidateRulesMaxlength": "25",
      "fieldValidateRulesMinlength": "5",
    },
    {
      "fieldName": "type",
      "fieldType": "JobType",
      "fieldValues": "BOSS,SLAVE",
    },
    {
      "fieldName": "minSalary",
      "fieldType": "Long",
    },
    {
      "fieldName": "maxSalary",
      "fieldType": "Long",
    },
  ],
  "microserviceName": "mymicroservice",
  "name": "Job",
  "pagination": "pagination",
  "relationships": [
    {
      "otherEntityField": "title",
      "otherEntityName": "task",
      "otherEntityRelationshipName": "linkedJob",
      "ownerSide": true,
      "relationshipName": "chore",
      "relationshipType": "many-to-many",
    },
    {
      "otherEntityField": "employee",
      "otherEntityName": "employee",
      "otherEntityRelationshipName": "job",
      "relationshipName": "emp",
      "relationshipType": "many-to-one",
    },
    {
      "otherEntityName": "jobHistory",
      "otherEntityRelationshipName": "job",
      "ownerSide": false,
      "relationshipName": "history",
      "relationshipType": "many-to-many",
    },
  ],
}
`;

exports[`jdl - JDLImporter import when not parsing applications should export entity JobHistory 1`] = `
{
  "applications": "*",
  "entityTableName": "job_history",
  "fields": [
    {
      "fieldName": "startDate",
      "fieldType": "ZonedDateTime",
    },
    {
      "fieldName": "endDate",
      "fieldType": "ZonedDateTime",
    },
    {
      "fieldName": "language",
      "fieldType": "Language",
      "fieldValues": "FRENCH,ENGLISH,SPANISH",
    },
    {
      "fieldName": "positionDuration",
      "fieldType": "Duration",
    },
  ],
  "javadoc": "JobHistory comment.",
  "microserviceName": "mymicroservice",
  "name": "JobHistory",
  "pagination": "infinite-scroll",
  "readOnly": true,
  "relationships": [
    {
      "otherEntityName": "department",
      "otherEntityRelationshipName": "jobHistory",
      "ownerSide": true,
      "relationshipName": "department",
      "relationshipType": "many-to-many",
    },
    {
      "otherEntityName": "job",
      "otherEntityRelationshipName": "history",
      "ownerSide": true,
      "relationshipName": "job",
      "relationshipType": "many-to-many",
    },
    {
      "otherEntityField": "employee",
      "otherEntityName": "employee",
      "otherEntityRelationshipName": "jobHistory",
      "ownerSide": true,
      "relationshipName": "emp",
      "relationshipType": "many-to-many",
    },
  ],
}
`;

exports[`jdl - JDLImporter import when not parsing applications should export entity Location 1`] = `
{
  "applications": "*",
  "entityTableName": "location",
  "fields": [
    {
      "fieldName": "streetAddress",
      "fieldType": "String",
    },
    {
      "fieldName": "postalCode",
      "fieldType": "String",
    },
    {
      "fieldName": "city",
      "fieldType": "String",
    },
    {
      "fieldName": "stateProvince",
      "fieldType": "String",
    },
  ],
  "microserviceName": "mymicroservice",
  "name": "Location",
  "relationships": [
    {
      "otherEntityName": "country",
      "relationshipName": "country",
      "relationshipType": "one-to-many",
    },
    {
      "options": {
        "id": true,
      },
      "otherEntityName": "department",
      "otherEntityRelationshipName": "location",
      "ownerSide": false,
      "relationshipName": "department",
      "relationshipType": "one-to-one",
    },
  ],
}
`;

exports[`jdl - JDLImporter import when not parsing applications should export entity Region 1`] = `
{
  "applications": "*",
  "entityTableName": "region",
  "fields": [
    {
      "fieldName": "name",
      "fieldType": "String",
    },
  ],
  "microserviceName": "mymicroservice",
  "name": "Region",
  "relationships": [],
}
`;

exports[`jdl - JDLImporter import when not parsing applications should export entity Task 1`] = `
{
  "applications": "*",
  "entityTableName": "task",
  "fields": [
    {
      "fieldName": "title",
      "fieldType": "String",
    },
    {
      "fieldName": "description",
      "fieldType": "String",
    },
  ],
  "microserviceName": "mymicroservice",
  "name": "Task",
  "relationships": [
    {
      "otherEntityField": "jobTitle",
      "otherEntityName": "job",
      "otherEntityRelationshipName": "chore",
      "ownerSide": false,
      "relationshipName": "linkedJob",
      "relationshipType": "many-to-many",
    },
  ],
}
`;

exports[`jdl - JDLImporter import when not parsing applications should return the final state 1`] = `
{
  "exportedApplications": [],
  "exportedApplicationsWithEntities": {},
  "exportedDeployments": [],
  "exportedEntities": [
    JSONEntity {
      "applications": "*",
      "dto": undefined,
      "embedded": undefined,
      "entityTableName": "country",
      "fields": [
        {
          "fieldName": "name",
          "fieldType": "String",
        },
      ],
      "fluentMethods": undefined,
      "javadoc": "",
      "jpaMetamodelFiltering": undefined,
      "microserviceName": "mymicroservice",
      "name": "Country",
      "pagination": undefined,
      "readOnly": undefined,
      "relationships": [
        {
          "otherEntityField": "region",
          "otherEntityName": "region",
          "relationshipName": "area",
          "relationshipType": "one-to-many",
        },
      ],
      "service": undefined,
      "skipServer": true,
    },
    JSONEntity {
      "applications": "*",
      "dto": undefined,
      "embedded": true,
      "entityTableName": "department",
      "fields": [
        {
          "fieldName": "name",
          "fieldType": "String",
          "fieldValidateRules": [
            "required",
          ],
        },
        {
          "fieldName": "description",
          "fieldType": "byte[]",
          "fieldTypeBlobContent": "text",
        },
        {
          "fieldName": "advertisement",
          "fieldType": "byte[]",
          "fieldTypeBlobContent": "any",
        },
        {
          "fieldName": "logo",
          "fieldType": "byte[]",
          "fieldTypeBlobContent": "image",
        },
      ],
      "fluentMethods": undefined,
      "javadoc": "",
      "jpaMetamodelFiltering": undefined,
      "microserviceName": "mymicroservice",
      "name": "Department",
      "pagination": undefined,
      "readOnly": undefined,
      "relationships": [
        {
          "options": {
            "id": "42",
          },
          "otherEntityName": "location",
          "ownerSide": true,
          "relationshipName": "location",
          "relationshipType": "one-to-one",
        },
        {
          "javadoc": "A relationship",
          "otherEntityName": "employee",
          "otherEntityRelationshipName": "department",
          "relationshipName": "employee",
          "relationshipType": "one-to-many",
        },
        {
          "otherEntityName": "jobHistory",
          "otherEntityRelationshipName": "department",
          "ownerSide": false,
          "relationshipName": "jobHistory",
          "relationshipType": "many-to-many",
        },
      ],
      "service": undefined,
    },
    JSONEntity {
      "applications": "*",
      "dto": "mapstruct",
      "embedded": undefined,
      "entityTableName": "employee",
      "fields": [
        {
          "fieldName": "firstName",
          "fieldType": "String",
          "javadoc": "The firstname attribute.",
        },
        {
          "fieldName": "lastName",
          "fieldType": "String",
        },
        {
          "fieldName": "email",
          "fieldType": "String",
        },
        {
          "fieldName": "phoneNumber",
          "fieldType": "String",
        },
        {
          "fieldName": "hireDate",
          "fieldType": "ZonedDateTime",
        },
        {
          "fieldName": "salary",
          "fieldType": "Long",
        },
        {
          "fieldName": "commissionPct",
          "fieldType": "Long",
        },
      ],
      "fluentMethods": undefined,
      "javadoc": "The Employee entity.\\nSecond line in javadoc.",
      "jpaMetamodelFiltering": undefined,
      "microserviceName": "mymicroservice",
      "name": "Employee",
      "pagination": "infinite-scroll",
      "readOnly": undefined,
      "relationships": [
        {
          "otherEntityName": "job",
          "otherEntityRelationshipName": "emp",
          "relationshipName": "job",
          "relationshipType": "one-to-many",
        },
        {
          "otherEntityField": "login",
          "otherEntityName": "user",
          "relationshipName": "user",
          "relationshipType": "many-to-one",
          "relationshipWithBuiltInEntity": true,
        },
        {
          "otherEntityField": "lastName",
          "otherEntityName": "employee",
          "relationshipName": "manager",
          "relationshipType": "many-to-one",
        },
        {
          "javadoc": "Another side of the same relationship,",
          "otherEntityName": "department",
          "otherEntityRelationshipName": "employee",
          "relationshipName": "department",
          "relationshipType": "many-to-one",
        },
        {
          "otherEntityName": "jobHistory",
          "otherEntityRelationshipName": "emp",
          "ownerSide": false,
          "relationshipName": "jobHistory",
          "relationshipType": "many-to-many",
        },
      ],
      "searchEngine": "elasticsearch",
      "service": "serviceClass",
    },
    JSONEntity {
      "applications": "*",
      "dto": undefined,
      "embedded": undefined,
      "entityTableName": "job",
      "fields": [
        {
          "fieldName": "title",
          "fieldType": "String",
          "fieldValidateRules": [
            "minlength",
            "maxlength",
          ],
          "fieldValidateRulesMaxlength": "25",
          "fieldValidateRulesMinlength": "5",
        },
        {
          "fieldName": "type",
          "fieldType": "JobType",
          "fieldValues": "BOSS,SLAVE",
        },
        {
          "fieldName": "minSalary",
          "fieldType": "Long",
        },
        {
          "fieldName": "maxSalary",
          "fieldType": "Long",
        },
      ],
      "fluentMethods": undefined,
      "javadoc": "",
      "jpaMetamodelFiltering": undefined,
      "microserviceName": "mymicroservice",
      "name": "Job",
      "pagination": "pagination",
      "readOnly": undefined,
      "relationships": [
        {
          "otherEntityField": "title",
          "otherEntityName": "task",
          "otherEntityRelationshipName": "linkedJob",
          "ownerSide": true,
          "relationshipName": "chore",
          "relationshipType": "many-to-many",
        },
        {
          "otherEntityField": "employee",
          "otherEntityName": "employee",
          "otherEntityRelationshipName": "job",
          "relationshipName": "emp",
          "relationshipType": "many-to-one",
        },
        {
          "otherEntityName": "jobHistory",
          "otherEntityRelationshipName": "job",
          "ownerSide": false,
          "relationshipName": "history",
          "relationshipType": "many-to-many",
        },
      ],
      "service": undefined,
    },
    JSONEntity {
      "applications": "*",
      "dto": undefined,
      "embedded": undefined,
      "entityTableName": "job_history",
      "fields": [
        {
          "fieldName": "startDate",
          "fieldType": "ZonedDateTime",
        },
        {
          "fieldName": "endDate",
          "fieldType": "ZonedDateTime",
        },
        {
          "fieldName": "language",
          "fieldType": "Language",
          "fieldValues": "FRENCH,ENGLISH,SPANISH",
        },
        {
          "fieldName": "positionDuration",
          "fieldType": "Duration",
        },
      ],
      "fluentMethods": undefined,
      "javadoc": "JobHistory comment.",
      "jpaMetamodelFiltering": undefined,
      "microserviceName": "mymicroservice",
      "name": "JobHistory",
      "pagination": "infinite-scroll",
      "readOnly": true,
      "relationships": [
        {
          "otherEntityName": "department",
          "otherEntityRelationshipName": "jobHistory",
          "ownerSide": true,
          "relationshipName": "department",
          "relationshipType": "many-to-many",
        },
        {
          "otherEntityName": "job",
          "otherEntityRelationshipName": "history",
          "ownerSide": true,
          "relationshipName": "job",
          "relationshipType": "many-to-many",
        },
        {
          "otherEntityField": "employee",
          "otherEntityName": "employee",
          "otherEntityRelationshipName": "jobHistory",
          "ownerSide": true,
          "relationshipName": "emp",
          "relationshipType": "many-to-many",
        },
      ],
      "service": undefined,
    },
    JSONEntity {
      "applications": "*",
      "dto": undefined,
      "embedded": undefined,
      "entityTableName": "location",
      "fields": [
        {
          "fieldName": "streetAddress",
          "fieldType": "String",
        },
        {
          "fieldName": "postalCode",
          "fieldType": "String",
        },
        {
          "fieldName": "city",
          "fieldType": "String",
        },
        {
          "fieldName": "stateProvince",
          "fieldType": "String",
        },
      ],
      "fluentMethods": undefined,
      "javadoc": "",
      "jpaMetamodelFiltering": undefined,
      "microserviceName": "mymicroservice",
      "name": "Location",
      "pagination": undefined,
      "readOnly": undefined,
      "relationships": [
        {
          "otherEntityName": "country",
          "relationshipName": "country",
          "relationshipType": "one-to-many",
        },
        {
          "options": {
            "id": true,
          },
          "otherEntityName": "department",
          "otherEntityRelationshipName": "location",
          "ownerSide": false,
          "relationshipName": "department",
          "relationshipType": "one-to-one",
        },
      ],
      "service": undefined,
    },
    JSONEntity {
      "applications": "*",
      "dto": undefined,
      "embedded": undefined,
      "entityTableName": "region",
      "fields": [
        {
          "fieldName": "name",
          "fieldType": "String",
        },
      ],
      "fluentMethods": undefined,
      "javadoc": "",
      "jpaMetamodelFiltering": undefined,
      "microserviceName": "mymicroservice",
      "name": "Region",
      "pagination": undefined,
      "readOnly": undefined,
      "relationships": [],
      "service": undefined,
    },
    JSONEntity {
      "applications": "*",
      "dto": undefined,
      "embedded": undefined,
      "entityTableName": "task",
      "fields": [
        {
          "fieldName": "title",
          "fieldType": "String",
        },
        {
          "fieldName": "description",
          "fieldType": "String",
        },
      ],
      "fluentMethods": undefined,
      "javadoc": "",
      "jpaMetamodelFiltering": undefined,
      "microserviceName": "mymicroservice",
      "name": "Task",
      "pagination": undefined,
      "readOnly": undefined,
      "relationships": [
        {
          "otherEntityField": "jobTitle",
          "otherEntityName": "job",
          "otherEntityRelationshipName": "chore",
          "ownerSide": false,
          "relationshipName": "linkedJob",
          "relationshipType": "many-to-many",
        },
      ],
      "service": undefined,
    },
  ],
}
`;

exports[`jdl - JDLImporter import when parsing JDL applications and deployment config should export the application & deployment contents 1`] = `
[
  {
    "entities": [],
    "generator-jhipster": {
      "applicationType": "monolith",
      "baseName": "tata",
      "packageFolder": "com/mathieu/tata",
      "packageName": "com.mathieu.tata",
    },
  },
  {
    "entities": [],
    "generator-jhipster": {
      "applicationType": "gateway",
      "baseName": "titi",
      "packageFolder": "com/mathieu/titi",
      "packageName": "com.mathieu.titi",
    },
  },
  {
    "entities": [],
    "generator-jhipster": {
      "applicationType": "microservice",
      "baseName": "toto",
      "packageFolder": "com/mathieu/toto",
      "packageName": "com.mathieu.toto",
    },
  },
  {
    "entities": [],
    "generator-jhipster": {
      "applicationType": "monolith",
      "baseName": "tutu",
      "packageFolder": "com/mathieu/tutu",
      "packageName": "com.mathieu.tutu",
    },
  },
  {
    "generator-jhipster": {
      "appsFolders": [
        "tata",
        "titi",
      ],
      "clusteredDbApps": [],
      "deploymentType": "docker-compose",
      "directoryPath": "../",
      "dockerRepositoryName": "test",
      "gatewayType": "SpringCloudGateway",
      "monitoring": "no",
      "serviceDiscoveryType": "eureka",
    },
  },
]
`;

exports[`jdl - JDLImporter import when parsing JDL applications and deployment config with a realistic sample should export the application & deployment contents 1`] = `
[
  {
    "entities": [
      "Customer",
      "Product",
      "ProductCategory",
      "ProductOrder",
      "OrderItem",
      "Invoice",
      "Shipment",
      "Notification",
    ],
    "generator-jhipster": {
      "applicationType": "gateway",
      "authenticationType": "jwt",
      "baseName": "store",
      "buildTool": "gradle",
      "cacheProvider": "hazelcast",
      "clientFramework": "react",
      "packageFolder": "com/jhipster/demo/store",
      "packageName": "com.jhipster.demo.store",
      "prodDatabaseType": "mysql",
      "serviceDiscoveryType": "no",
      "testFrameworks": [
        "cypress",
      ],
    },
  },
  {
    "entities": [
      "Product",
      "ProductCategory",
      "ProductOrder",
      "OrderItem",
    ],
    "generator-jhipster": {
      "applicationType": "microservice",
      "authenticationType": "jwt",
      "baseName": "product",
      "buildTool": "gradle",
      "cacheProvider": "hazelcast",
      "packageFolder": "com/jhipster/demo/product",
      "packageName": "com.jhipster.demo.product",
      "prodDatabaseType": "mysql",
      "serverPort": "8081",
      "serviceDiscoveryType": "no",
    },
  },
  {
    "entities": [
      "Invoice",
      "Shipment",
    ],
    "generator-jhipster": {
      "applicationType": "microservice",
      "authenticationType": "jwt",
      "baseName": "invoice",
      "buildTool": "gradle",
      "packageFolder": "com/jhipster/demo/invoice",
      "packageName": "com.jhipster.demo.invoice",
      "prodDatabaseType": "mysql",
      "serverPort": "8082",
      "serviceDiscoveryType": "no",
    },
  },
  {
    "entities": [
      "Notification",
    ],
    "generator-jhipster": {
      "applicationType": "microservice",
      "authenticationType": "jwt",
      "baseName": "notification",
      "buildTool": "gradle",
      "cacheProvider": "no",
      "databaseType": "mongodb",
      "enableHibernateCache": false,
      "packageFolder": "com/jhipster/demo/notification",
      "packageName": "com.jhipster.demo.notification",
      "serverPort": "8083",
      "serviceDiscoveryType": "no",
    },
  },
  {
    "generator-jhipster": {
      "appsFolders": [
        "store",
        "invoice",
        "notification",
        "product",
      ],
      "clusteredDbApps": [],
      "deploymentType": "docker-compose",
      "directoryPath": "../",
      "dockerRepositoryName": "deepu105",
      "gatewayType": "SpringCloudGateway",
      "monitoring": "no",
      "serviceDiscoveryType": "no",
    },
  },
  {
    "generator-jhipster": {
      "appsFolders": [
        "store",
        "invoice",
        "notification",
        "product",
      ],
      "clusteredDbApps": [],
      "deploymentType": "kubernetes",
      "directoryPath": "../",
      "dockerPushCommand": "docker push",
      "dockerRepositoryName": "deepu105",
      "ingressDomain": "",
      "istio": false,
      "kubernetesNamespace": "default",
      "kubernetesServiceType": "LoadBalancer",
      "kubernetesStorageClassName": "",
      "kubernetesUseDynamicStorage": false,
      "monitoring": "no",
      "serviceDiscoveryType": "no",
    },
  },
]
`;

exports[`jdl - JDLImporter import when parsing JDL applications and exporting them should export the application contents 1`] = `
[
  {
    "entities": [],
    "generator-jhipster": {
      "applicationType": "monolith",
      "baseName": "tata",
      "packageFolder": "com/mathieu/tata",
      "packageName": "com.mathieu.tata",
    },
  },
  {
    "entities": [],
    "generator-jhipster": {
      "applicationType": "gateway",
      "baseName": "titi",
      "packageFolder": "com/mathieu/titi",
      "packageName": "com.mathieu.titi",
    },
  },
  {
    "entities": [],
    "generator-jhipster": {
      "applicationType": "microservice",
      "baseName": "toto",
      "packageFolder": "com/mathieu/toto",
      "packageName": "com.mathieu.toto",
    },
  },
  {
    "entities": [],
    "generator-jhipster": {
      "applicationType": "monolith",
      "baseName": "tutu",
      "packageFolder": "com/mathieu/tutu",
      "packageName": "com.mathieu.tutu",
    },
  },
]
`;

exports[`jdl - JDLImporter import when parsing deployment config should export the deployment contents 1`] = `
[
  {
    "generator-jhipster": {
      "appsFolders": [
        "tata",
        "titi",
      ],
      "clusteredDbApps": [],
      "deploymentType": "docker-compose",
      "directoryPath": "../",
      "dockerRepositoryName": "test",
      "gatewayType": "SpringCloudGateway",
      "monitoring": "no",
      "serviceDiscoveryType": "consul",
    },
  },
  {
    "generator-jhipster": {
      "appsFolders": [
        "tata",
        "titi",
      ],
      "clusteredDbApps": [],
      "deploymentType": "kubernetes",
      "directoryPath": "../",
      "dockerPushCommand": "docker push",
      "dockerRepositoryName": "test",
      "ingressDomain": "",
      "istio": false,
      "kubernetesNamespace": "default",
      "kubernetesServiceType": "LoadBalancer",
      "kubernetesStorageClassName": "KubernetesStorageClassName",
      "kubernetesUseDynamicStorage": false,
      "monitoring": "no",
      "serviceDiscoveryType": "consul",
    },
  },
  {
    "generator-jhipster": {
      "appsFolders": [
        "tata",
        "titi",
      ],
      "clusteredDbApps": [],
      "deploymentType": "openshift",
      "directoryPath": "../",
      "dockerPushCommand": "docker push",
      "dockerRepositoryName": "test",
      "monitoring": "no",
      "openshiftNamespace": "default",
      "registryReplicas": 2,
      "serviceDiscoveryType": "consul",
      "storageType": "ephemeral",
    },
  },
]
`;

exports[`jdl - JDLImporter import when parsing multiple JDL files with applications and entities should export myFirstApp applications 1`] = `
{
  "entities": [
    "A",
    "B",
    "E",
    "F",
  ],
  "generator-jhipster": {
    "applicationType": "monolith",
    "baseName": "myFirstApp",
    "clientTheme": "yeti",
    "clientThemeVariant": "primary",
    "packageFolder": "com/mycompany/myfirstapp",
    "packageName": "com.mycompany.myfirstapp",
  },
}
`;

exports[`jdl - JDLImporter import when parsing multiple JDL files with applications and entities should export mySecondApp applications 1`] = `
{
  "entities": [
    "E",
  ],
  "generator-jhipster": {
    "applicationType": "microservice",
    "baseName": "mySecondApp",
    "serverPort": "8091",
  },
}
`;

exports[`jdl - JDLImporter import when parsing multiple JDL files with applications and entities should export myThirdApp applications 1`] = `
{
  "entities": [
    "F",
  ],
  "generator-jhipster": {
    "applicationType": "microservice",
    "baseName": "myThirdApp",
    "serverPort": "8092",
  },
}
`;

exports[`jdl - JDLImporter import when parsing multiple JDL files with applications and entities should export the entities for myFirstApp 1`] = `
{
  "applications": [
    "myFirstApp",
  ],
  "entityTableName": "a",
  "fields": [],
  "name": "A",
  "relationships": [],
}
`;

exports[`jdl - JDLImporter import when parsing multiple JDL files with applications and entities should export the entities for myFirstApp 2`] = `
{
  "applications": [
    "myFirstApp",
  ],
  "entityTableName": "b",
  "fields": [],
  "name": "B",
  "relationships": [],
}
`;

exports[`jdl - JDLImporter import when parsing multiple JDL files with applications and entities should export the entities for myFirstApp 3`] = `
{
  "applications": [
    "myFirstApp",
    "mySecondApp",
  ],
  "entityTableName": "e",
  "fields": [],
  "microserviceName": "mySecondApp",
  "name": "E",
  "relationships": [],
}
`;

exports[`jdl - JDLImporter import when parsing multiple JDL files with applications and entities should export the entities for myFirstApp 4`] = `
{
  "applications": [
    "myFirstApp",
    "myThirdApp",
  ],
  "entityTableName": "f",
  "fields": [],
  "name": "F",
  "relationships": [],
}
`;

exports[`jdl - JDLImporter import when parsing multiple JDL files with applications and entities should export the entities for mySecondApp 1`] = `
{
  "applications": [
    "myFirstApp",
    "mySecondApp",
  ],
  "entityTableName": "e",
  "fields": [],
  "microserviceName": "mySecondApp",
  "name": "E",
  "relationships": [],
}
`;

exports[`jdl - JDLImporter import when parsing multiple JDL files with applications and entities should export the entities for myThirdApp 1`] = `
{
  "applications": [
    "myFirstApp",
    "myThirdApp",
  ],
  "entityTableName": "f",
  "fields": [],
  "name": "F",
  "relationships": [],
}
`;

exports[`jdl - JDLImporter import when passing the unidirectionalRelationships option when parsing one JDL application and entities should return the corresponding exportedApplicationsWithEntities 1`] = `
[
  JSONEntity {
    "applications": [
      "jhipster",
    ],
    "dto": undefined,
    "embedded": undefined,
    "entityTableName": "a",
    "fields": [],
    "fluentMethods": undefined,
    "javadoc": undefined,
    "jpaMetamodelFiltering": undefined,
    "name": "A",
    "pagination": undefined,
    "readOnly": undefined,
    "relationships": [
      {
        "otherEntityName": "b",
        "ownerSide": true,
        "relationshipName": "oneToOneB",
        "relationshipType": "one-to-one",
      },
      {
        "otherEntityName": "b",
        "otherEntityRelationshipName": "biOneToOneA",
        "ownerSide": true,
        "relationshipName": "biOneToOneB",
        "relationshipType": "one-to-one",
      },
      {
        "otherEntityName": "b",
        "relationshipName": "oneToManyB",
        "relationshipType": "one-to-many",
      },
      {
        "otherEntityName": "b",
        "otherEntityRelationshipName": "biOneToManyA",
        "relationshipName": "biOneToManyB",
        "relationshipType": "one-to-many",
      },
      {
        "otherEntityName": "b",
        "relationshipName": "manyToOneB",
        "relationshipType": "many-to-one",
      },
      {
        "otherEntityName": "b",
        "otherEntityRelationshipName": "biManyToOneA",
        "relationshipName": "biManyToOneB",
        "relationshipType": "many-to-one",
      },
      {
        "otherEntityName": "b",
        "ownerSide": true,
        "relationshipName": "manyToManyB",
        "relationshipType": "many-to-many",
      },
      {
        "otherEntityName": "b",
        "otherEntityRelationshipName": "biManyToManyA",
        "ownerSide": true,
        "relationshipName": "biManyToManyB",
        "relationshipType": "many-to-many",
      },
    ],
    "service": undefined,
  },
  JSONEntity {
    "applications": [
      "jhipster",
    ],
    "dto": undefined,
    "embedded": undefined,
    "entityTableName": "b",
    "fields": [],
    "fluentMethods": undefined,
    "javadoc": undefined,
    "jpaMetamodelFiltering": undefined,
    "name": "B",
    "pagination": undefined,
    "readOnly": undefined,
    "relationships": [
      {
        "otherEntityName": "a",
        "otherEntityRelationshipName": "biOneToOneB",
        "ownerSide": false,
        "relationshipName": "biOneToOneA",
        "relationshipType": "one-to-one",
      },
      {
        "otherEntityName": "a",
        "otherEntityRelationshipName": "biOneToManyB",
        "relationshipName": "biOneToManyA",
        "relationshipType": "many-to-one",
      },
      {
        "otherEntityName": "a",
        "otherEntityRelationshipName": "biManyToOneB",
        "relationshipName": "biManyToOneA",
        "relationshipType": "one-to-many",
      },
      {
        "otherEntityName": "a",
        "otherEntityRelationshipName": "biManyToManyB",
        "ownerSide": false,
        "relationshipName": "biManyToManyA",
        "relationshipType": "many-to-many",
      },
    ],
    "service": undefined,
  },
]
`;
